2025-09-26 15:42:44 - Event booking request
2025-09-26 15:42:44 - Created initial event bookings file
2025-09-26 15:42:44 - Action: get_event_bookings, Data: Array
(
)

2025-09-26 15:42:44 - Event booking request
2025-09-26 15:42:44 - Action: get_event_bookings, Data: Array
(
)

2025-09-26 15:42:46 - Event booking request
2025-09-26 15:42:46 - Action: get_event_bookings, Data: Array
(
)

2025-09-26 15:42:47 - Event booking request
2025-09-26 15:42:47 - Action: get_event_bookings, Data: Array
(
)

2025-09-26 15:42:47 - Event booking request
2025-09-26 15:42:47 - Action: get_event_bookings, Data: Array
(
)

2025-09-26 15:42:47 - Event booking request
2025-09-26 15:42:47 - Action: get_event_bookings, Data: Array
(
)

2025-09-26 15:42:47 - Event booking request
2025-09-26 15:42:47 - Action: get_event_bookings, Data: Array
(
)

2025-09-26 15:42:52 - Event booking request
2025-09-26 15:42:52 - Action: get_event_bookings, Data: Array
(
)

2025-09-26 15:42:57 - Event booking request
2025-09-26 15:42:57 - Action: get_event_bookings, Data: Array
(
)

2025-09-26 15:43:02 - Event booking request
2025-09-26 15:43:02 - Action: get_event_bookings, Data: Array
(
)

2025-09-26 15:43:07 - Event booking request
2025-09-26 15:43:07 - Action: get_event_bookings, Data: Array
(
)

2025-09-26 15:43:12 - Event booking request
2025-09-26 15:43:12 - Action: get_event_bookings, Data: Array
(
)

2025-09-26 15:43:17 - Event booking request
2025-09-26 15:43:17 - Action: get_event_bookings, Data: Array
(
)

2025-09-26 15:43:22 - Event booking request
2025-09-26 15:43:22 - Action: get_event_bookings, Data: Array
(
)

2025-09-26 15:43:27 - Event booking request
2025-09-26 15:43:27 - Action: get_event_bookings, Data: Array
(
)

2025-09-26 15:43:32 - Event booking request
2025-09-26 15:43:32 - Action: get_event_bookings, Data: Array
(
)

2025-09-26 15:43:37 - Event booking request
2025-09-26 15:43:37 - Action: get_event_bookings, Data: Array
(
)

2025-09-26 15:43:42 - Event booking request
2025-09-26 15:43:42 - Action: get_event_bookings, Data: Array
(
)

2025-09-26 15:43:47 - Event booking request
2025-09-26 15:43:47 - Action: get_event_bookings, Data: Array
(
)

2025-09-26 15:44:14 - Event booking request
2025-09-26 15:44:14 - Action: get_event_bookings, Data: Array
(
)

2025-09-26 15:44:21 - Event booking request
2025-09-26 15:44:21 - Action: get_event_bookings, Data: Array
(
)

2025-09-26 15:44:22 - Event booking request
2025-09-26 15:44:22 - Action: get_event_bookings, Data: Array
(
)

2025-09-26 15:44:22 - Event booking request
2025-09-26 15:44:22 - Action: get_event_bookings, Data: Array
(
)

2025-09-26 15:44:23 - Event booking request
2025-09-26 15:44:23 - Action: get_event_bookings, Data: Array
(
)

2025-09-26 15:44:23 - Event booking request
2025-09-26 15:44:23 - Action: get_event_bookings, Data: Array
(
)

2025-09-26 15:44:24 - Event booking request
2025-09-26 15:44:24 - Action: get_event_bookings, Data: Array
(
)

2025-09-26 15:44:24 - Event booking request
2025-09-26 15:44:24 - Action: get_event_bookings, Data: Array
(
)

2025-09-26 15:44:24 - Event booking request
2025-09-26 15:44:24 - Action: get_event_bookings, Data: Array
(
)

2025-09-26 15:44:24 - Event booking request
2025-09-26 15:44:24 - Action: get_event_bookings, Data: Array
(
)

2025-09-26 15:44:24 - Event booking request
2025-09-26 15:44:24 - Action: get_event_bookings, Data: Array
(
)

2025-09-26 15:44:29 - Event booking request
2025-09-26 15:44:29 - Action: get_event_bookings, Data: Array
(
)

2025-09-26 15:44:34 - Event booking request
2025-09-26 15:44:34 - Action: get_event_bookings, Data: Array
(
)

2025-09-26 15:44:39 - Event booking request
2025-09-26 15:44:39 - Action: get_event_bookings, Data: Array
(
)

2025-09-26 15:44:39 - Event booking request
2025-09-26 15:44:39 - Action: get_event_bookings, Data: Array
(
)

2025-09-26 15:44:42 - Event booking request
2025-09-26 15:44:42 - Action: get_event_bookings, Data: Array
(
)

2025-09-26 15:44:42 - Event booking request
2025-09-26 15:44:42 - Action: get_event_bookings, Data: Array
(
)

2025-09-26 15:44:42 - Event booking request
2025-09-26 15:44:42 - Action: get_event_bookings, Data: Array
(
)

2025-09-26 15:44:43 - Event booking request
2025-09-26 15:44:43 - Action: get_event_bookings, Data: Array
(
)

2025-09-26 15:44:43 - Event booking request
2025-09-26 15:44:43 - Action: get_event_bookings, Data: Array
(
)

2025-09-26 15:44:43 - Event booking request
2025-09-26 15:44:43 - Action: get_event_bookings, Data: Array
(
)

2025-09-26 15:44:43 - Event booking request
2025-09-26 15:44:43 - Action: get_event_bookings, Data: Array
(
)

2025-09-26 15:44:43 - Event booking request
2025-09-26 15:44:43 - Action: get_event_bookings, Data: Array
(
)

2025-09-26 15:44:44 - Event booking request
2025-09-26 15:44:44 - Action: get_event_bookings, Data: Array
(
)

2025-09-26 15:44:48 - Event booking request
2025-09-26 15:44:48 - Action: get_event_bookings, Data: Array
(
)

2025-09-26 15:44:49 - Event booking request
2025-09-26 15:44:49 - Action: get_event_bookings, Data: Array
(
)

2025-09-26 15:44:53 - Event booking request
2025-09-26 15:44:53 - Action: get_event_bookings, Data: Array
(
)

2025-09-26 15:44:54 - Event booking request
2025-09-26 15:44:54 - Action: get_event_bookings, Data: Array
(
)

2025-09-26 15:44:58 - Event booking request
2025-09-26 15:44:58 - Action: get_event_bookings, Data: Array
(
)

2025-09-26 15:44:59 - Event booking request
2025-09-26 15:44:59 - Action: get_event_bookings, Data: Array
(
)

2025-09-26 15:45:04 - Event booking request
2025-09-26 15:45:04 - Action: get_event_bookings, Data: Array
(
)

2025-09-26 15:45:04 - Action: get_event_bookings, Data: Array
(
)

2025-09-26 15:45:09 - Event booking request
2025-09-26 15:45:09 - Action: get_event_bookings, Data: Array
(
)

2025-09-26 15:45:09 - Action: get_event_bookings, Data: Array
(
)

2025-09-26 15:45:14 - Event booking request
2025-09-26 15:45:14 - Event booking request
2025-09-26 15:45:14 - Action: get_event_bookings, Data: Array
(
)

2025-09-26 15:45:14 - Action: get_event_bookings, Data: Array
(
)

2025-09-26 15:45:19 - Event booking request
2025-09-26 15:45:19 - Event booking request
2025-09-26 15:45:19 - Action: get_event_bookings, Data: Array
(
)

2025-09-26 15:45:19 - Action: get_event_bookings, Data: Array
(
)

2025-09-26 15:45:24 - Event booking request
2025-09-26 15:45:24 - Action: get_event_bookings, Data: Array
(
)

2025-09-26 15:45:24 - Action: get_event_bookings, Data: Array
(
)

2025-09-26 15:45:29 - Event booking request
2025-09-26 15:45:29 - Action: get_event_bookings, Data: Array
(
)

2025-09-26 15:45:29 - Action: get_event_bookings, Data: Array
(
)

2025-09-26 15:45:34 - Event booking request
2025-09-26 15:45:34 - Action: get_event_bookings, Data: Array
(
)

2025-09-26 15:45:34 - Action: get_event_bookings, Data: Array
(
)

2025-09-26 15:45:39 - Event booking request
2025-09-26 15:45:39 - Action: get_event_bookings, Data: Array
(
)

2025-09-26 15:45:44 - Event booking request
2025-09-26 15:45:44 - Action: get_event_bookings, Data: Array
(
)

2025-09-26 15:45:49 - Event booking request
2025-09-26 15:45:49 - Action: get_event_bookings, Data: Array
(
)

2025-09-26 15:45:54 - Event booking request
2025-09-26 15:45:54 - Action: get_event_bookings, Data: Array
(
)

2025-09-26 15:46:14 - Event booking request
2025-09-26 15:46:14 - Action: get_event_bookings, Data: Array
(
)

2025-09-26 15:46:14 - Event booking request
2025-09-26 15:46:14 - Action: get_event_bookings, Data: Array
(
)

2025-09-26 15:47:14 - Event booking request
2025-09-26 15:47:14 - Event booking request
2025-09-26 15:47:14 - Action: get_event_bookings, Data: Array
(
)

2025-09-26 15:47:14 - Action: get_event_bookings, Data: Array
(
)

2025-09-26 15:47:38 - Event booking request
2025-09-26 15:47:38 - Action: get_event_bookings, Data: Array
(
)

2025-09-26 15:47:38 - Event booking request
2025-09-26 15:47:38 - Action: get_event_bookings, Data: Array
(
)

2025-09-26 15:47:39 - Event booking request
2025-09-26 15:47:39 - Action: get_event_bookings, Data: Array
(
)

2025-09-26 15:47:41 - Event booking request
2025-09-26 15:47:41 - Action: get_event_bookings, Data: Array
(
)

2025-09-26 15:47:45 - Event booking request
2025-09-26 15:47:45 - Action: book_event_slot, Data: Array
(
    [date] => 2025-09-28
    [slot] => 16:00
    [user_id] => guest_vxl4ggl2i
    [user_name] => Гость
)

2025-09-26 15:47:45 - Event slot booked: 2025-09-28 16:00 by Гость
2025-09-26 15:47:45 - Event booking request
2025-09-26 15:47:45 - Action: get_event_bookings, Data: Array
(
)

2025-09-26 15:47:46 - Event booking request
2025-09-26 15:47:46 - Action: get_event_bookings, Data: Array
(
)

2025-09-26 15:47:51 - Event booking request
2025-09-26 15:47:51 - Action: get_event_bookings, Data: Array
(
)

2025-09-26 15:47:56 - Event booking request
2025-09-26 15:47:56 - Action: get_event_bookings, Data: Array
(
)

2025-09-26 15:48:00 - Event booking request
2025-09-26 15:48:00 - Action: cancel_event_booking, Data: Array
(
    [date] => 2025-09-28
    [slot] => 16:00
    [user_id] => guest_vxl4ggl2i
)

2025-09-26 15:48:00 - Event booking canceled: 2025-09-28 16:00 by guest_vxl4ggl2i
2025-09-26 15:48:00 - Event booking request
2025-09-26 15:48:00 - Action: get_event_bookings, Data: Array
(
)

2025-09-26 15:48:01 - Event booking request
2025-09-26 15:48:01 - Action: get_event_bookings, Data: Array
(
)

2025-09-26 15:48:06 - Event booking request
2025-09-26 15:48:06 - Action: get_event_bookings, Data: Array
(
)

2025-09-26 15:48:11 - Event booking request
2025-09-26 15:48:11 - Action: get_event_bookings, Data: Array
(
)

2025-09-26 15:48:14 - Event booking request
2025-09-26 15:48:14 - Action: get_event_bookings, Data: Array
(
)

2025-09-26 15:48:16 - Event booking request
2025-09-26 15:48:16 - Action: get_event_bookings, Data: Array
(
)

2025-09-26 15:48:21 - Event booking request
2025-09-26 15:48:21 - Action: get_event_bookings, Data: Array
(
)

2025-09-26 15:48:26 - Event booking request
2025-09-26 15:48:26 - Action: get_event_bookings, Data: Array
(
)

2025-09-26 15:48:31 - Event booking request
2025-09-26 15:48:31 - Action: get_event_bookings, Data: Array
(
)

2025-09-26 15:48:36 - Event booking request
2025-09-26 15:48:36 - Action: get_event_bookings, Data: Array
(
)

2025-09-26 15:48:41 - Event booking request
2025-09-26 15:48:41 - Action: get_event_bookings, Data: Array
(
)

2025-09-26 15:48:46 - Event booking request
2025-09-26 15:48:46 - Action: get_event_bookings, Data: Array
(
)

2025-09-26 15:48:51 - Event booking request
2025-09-26 15:48:51 - Action: get_event_bookings, Data: Array
(
)

2025-09-26 15:48:56 - Event booking request
2025-09-26 15:48:56 - Action: get_event_bookings, Data: Array
(
)

2025-09-26 15:49:01 - Event booking request
2025-09-26 15:49:01 - Action: get_event_bookings, Data: Array
(
)

2025-09-26 15:49:06 - Event booking request
2025-09-26 15:49:06 - Action: get_event_bookings, Data: Array
(
)

2025-09-26 15:49:11 - Event booking request
2025-09-26 15:49:11 - Action: get_event_bookings, Data: Array
(
)

2025-09-26 15:49:14 - Event booking request
2025-09-26 15:49:14 - Action: get_event_bookings, Data: Array
(
)

2025-09-26 15:49:16 - Event booking request
2025-09-26 15:49:16 - Action: get_event_bookings, Data: Array
(
)

2025-09-26 15:49:21 - Event booking request
2025-09-26 15:49:21 - Action: get_event_bookings, Data: Array
(
)

2025-09-26 15:49:26 - Event booking request
2025-09-26 15:49:26 - Action: get_event_bookings, Data: Array
(
)

2025-09-26 15:49:31 - Event booking request
2025-09-26 15:49:31 - Action: get_event_bookings, Data: Array
(
)

2025-09-26 15:49:36 - Event booking request
2025-09-26 15:49:36 - Action: get_event_bookings, Data: Array
(
)

2025-09-26 15:50:14 - Event booking request
2025-09-26 15:50:14 - Action: get_event_bookings, Data: Array
(
)

2025-09-26 15:51:14 - Event booking request
2025-09-26 15:51:14 - Action: get_event_bookings, Data: Array
(
)

2025-09-26 15:51:33 - Event booking request
2025-09-26 15:51:33 - Action: get_event_bookings, Data: Array
(
)

2025-09-26 15:51:34 - Event booking request
2025-09-26 15:51:34 - Action: get_event_bookings, Data: Array
(
)

2025-09-26 15:51:36 - Event booking request
2025-09-26 15:51:36 - Action: get_event_bookings, Data: Array
(
)

2025-09-26 15:51:37 - Event booking request
2025-09-26 15:51:37 - Action: get_event_bookings, Data: Array
(
)

2025-09-26 15:51:37 - Event booking request
2025-09-26 15:51:37 - Action: get_event_bookings, Data: Array
(
)

2025-09-26 15:51:37 - Event booking request
2025-09-26 15:51:37 - Action: get_event_bookings, Data: Array
(
)

2025-09-26 15:51:37 - Event booking request
2025-09-26 15:51:37 - Action: get_event_bookings, Data: Array
(
)

2025-09-26 15:51:42 - Event booking request
2025-09-26 15:51:42 - Action: get_event_bookings, Data: Array
(
)

2025-09-26 15:51:44 - Event booking request
2025-09-26 15:51:44 - Action: get_event_bookings, Data: Array
(
)

2025-09-26 15:51:45 - Event booking request
2025-09-26 15:51:45 - Action: get_event_bookings, Data: Array
(
)

2025-09-26 15:51:45 - Event booking request
2025-09-26 15:51:45 - Action: get_event_bookings, Data: Array
(
)

2025-09-26 15:51:46 - Event booking request
2025-09-26 15:51:46 - Action: get_event_bookings, Data: Array
(
)

2025-09-26 15:51:51 - Event booking request
2025-09-26 15:51:51 - Action: get_event_bookings, Data: Array
(
)

2025-09-26 15:51:56 - Event booking request
2025-09-26 15:51:56 - Action: get_event_bookings, Data: Array
(
)

2025-09-26 15:52:01 - Event booking request
2025-09-26 15:52:01 - Action: get_event_bookings, Data: Array
(
)

2025-09-26 15:52:06 - Event booking request
2025-09-26 15:52:06 - Action: get_event_bookings, Data: Array
(
)

2025-09-26 15:52:11 - Event booking request
2025-09-26 15:52:11 - Action: get_event_bookings, Data: Array
(
)

2025-09-26 15:52:16 - Event booking request
2025-09-26 15:52:16 - Action: get_event_bookings, Data: Array
(
)

2025-09-26 15:52:21 - Event booking request
2025-09-26 15:52:21 - Action: get_event_bookings, Data: Array
(
)

2025-09-26 15:52:26 - Event booking request
2025-09-26 15:52:26 - Action: get_event_bookings, Data: Array
(
)

2025-09-26 15:52:31 - Event booking request
2025-09-26 15:52:31 - Action: get_event_bookings, Data: Array
(
)

2025-09-26 15:52:36 - Event booking request
2025-09-26 15:52:36 - Action: get_event_bookings, Data: Array
(
)

2025-09-26 15:52:41 - Event booking request
2025-09-26 15:52:41 - Action: get_event_bookings, Data: Array
(
)

2025-09-26 15:52:46 - Event booking request
2025-09-26 15:52:46 - Action: get_event_bookings, Data: Array
(
)

2025-09-26 15:52:51 - Event booking request
2025-09-26 15:52:51 - Action: get_event_bookings, Data: Array
(
)

2025-09-26 15:53:14 - Event booking request
2025-09-26 15:53:14 - Action: get_event_bookings, Data: Array
(
)

2025-09-26 15:54:14 - Event booking request
2025-09-26 15:54:14 - Action: get_event_bookings, Data: Array
(
)

2025-09-26 15:55:14 - Event booking request
2025-09-26 15:55:14 - Action: get_event_bookings, Data: Array
(
)

2025-09-26 15:56:14 - Event booking request
2025-09-26 15:56:14 - Action: get_event_bookings, Data: Array
(
)

2025-09-26 15:57:14 - Event booking request
2025-09-26 15:57:14 - Action: get_event_bookings, Data: Array
(
)

2025-09-26 15:58:14 - Event booking request
2025-09-26 15:58:14 - Action: get_event_bookings, Data: Array
(
)

2025-09-26 15:59:14 - Event booking request
2025-09-26 15:59:14 - Action: get_event_bookings, Data: Array
(
)

2025-09-26 16:00:04 - Event booking request
2025-09-26 16:00:04 - Action: get_event_bookings, Data: Array
(
)

